---
source: compiler-core/src/erlang/tests.rs
expression: "\npub type ModuleInfo {\n    ModuleInfo\n}\n\npub fn module_info() {\n    ModuleInfo\n}\n\npub const constant = module_info\n\npub fn main() {\n    module_info()\n\n    let function = module_info\n    function()\n\n    constant()\n\n    function\n}\n"
---
-module(my@mod).
-compile([no_auto_import, nowarn_unused_vars, nowarn_unused_function, nowarn_nomatch]).

-export(['moduleInfo'/0, main/0]).
-export_type([module_info/0]).

-type module_info() :: module_info.

-spec 'moduleInfo'() -> module_info().
'moduleInfo'() ->
    module_info.

-spec main() -> fun(() -> module_info()).
main() ->
    'moduleInfo'(),
    Function = fun 'moduleInfo'/0,
    Function(),
    'moduleInfo'(),
    Function.
